{
  "name": "test",
  "tables": [
    {
      "name": "user",
      "columns": []
    },
    {
      "name": "order",
      "columns": []
    }
  ]
}