{
  "owner": "",
  "name": "test",
  "tables": [
    {
      "name": "user",
      "columns": [],
      "indexes": []
    },
    {
      "name": "order",
      "columns": [],
      "indexes": []
    }
  ],
  "actions": null
}